// Jest Snapshot v1, https://goo.gl/fbAQLP

exports[`SimpleHeader Component should take a snapshot 1`] = `
<DocumentFragment>
  <header
    class="MuiPaper-root MuiAppBar-root MuiAppBar-positionRelative MuiAppBar-colorPrimary makeStyles-appBar-4 MuiPaper-elevation4"
  >
    <div
      class="MuiToolbar-root MuiToolbar-regular MuiToolbar-gutters"
    />
  </header>
</DocumentFragment>
`;
