// Jest Snapshot v1, https://goo.gl/fbAQLP

exports[`PokemonDetailCard Component should take a snapshot 1`] = `
<DocumentFragment>
  <div
    class="MuiPaper-root MuiCard-root makeStyles-card-4 pokemon-detail-card MuiPaper-elevation1 MuiPaper-rounded"
  >
    <img
      class="MuiCardMedia-root MuiCardMedia-media MuiCardMedia-img"
    />
    <div
      class="MuiCardContent-root makeStyles-cardContent-6"
    />
  </div>
</DocumentFragment>
`;
